// Jest Snapshot v1, https://goo.gl/fbAQLP

exports[`components <LoginForm /> Component should render 1`] = `<View />`;
